// Jest Snapshot v1, https://goo.gl/fbAQLP

exports[`Forgot Password Should render (smoke test) 1`] = `
<DocumentFragment>
  <div
    class="MuiPaper-root makeStyles-container-11 undefined MuiPaper-elevation1 MuiPaper-rounded"
    id="appwindow"
    style="max-width: 400px; width: 400px;"
  >
    <div
      class="MuiGrid-root makeStyles-content-5 MuiGrid-container MuiGrid-direction-xs-column MuiGrid-align-items-xs-center"
    >
      <div
        class="MuiGrid-root makeStyles-header-1 MuiGrid-item"
      >
        <h4
          class="MuiTypography-root MuiTypography-h4 MuiTypography-alignCenter"
        >
          Unofficial Warband Manager Beta
        </h4>
      </div>
      <div
        class="MuiGrid-root MuiGrid-item"
      >
        <div
          class="MuiInputBase-root makeStyles-email-2 MuiInputBase-adornedStart"
          style="display: flex;"
          variant="filled"
        >
          <div
            class="MuiInputAdornment-root MuiInputAdornment-positionStart"
          >
            <svg
              aria-hidden="true"
              class="MuiSvgIcon-root makeStyles-inputStartAdornment-10"
              focusable="false"
              viewBox="0 0 24 24"
            >
              <path
                d="M22 6c0-1.1-.9-2-2-2H4c-1.1 0-2 .9-2 2v12c0 1.1.9 2 2 2h16c1.1 0 2-.9 2-2V6zm-2 0l-8 5-8-5h16zm0 12H4V8l8 5 8-5v10z"
              />
            </svg>
          </div>
          <input
            class="MuiInputBase-input MuiInputBase-inputAdornedStart"
            name="email"
            placeholder="email"
            type="text"
            value=""
          />
        </div>
      </div>
      <div
        class="MuiGrid-root MuiGrid-item"
      >
        <button
          class="MuiButtonBase-root MuiButton-root MuiButton-contained makeStyles-continueButton-3 MuiButton-containedPrimary Mui-disabled Mui-disabled"
          disabled=""
          tabindex="-1"
          type="button"
        >
          <span
            class="MuiButton-label"
          >
            Send password reset email
          </span>
        </button>
      </div>
      <div
        class="MuiGrid-root makeStyles-loginLink-4 MuiGrid-item"
      >
        <a
          class="MuiTypography-root MuiLink-root MuiLink-underlineHover MuiTypography-colorPrimary"
          href="#/"
        >
          <p
            class="MuiTypography-root MuiTypography-body2"
          >
            Go back to login
          </p>
        </a>
      </div>
    </div>
    <p
      class="MuiTypography-root MuiTypography-body1"
      style="position: absolute; right: 8px; bottom: 0px; text-shadow: 0px 0px white;"
    >
      v0.4.0-beta
    </p>
  </div>
</DocumentFragment>
`;
