// Jest Snapshot v1, https://goo.gl/fbAQLP

exports[`Warband Should render (smoke test) 1`] = `
<DocumentFragment>
  <div
    class="makeStyles-viewContainer-8"
  >
    <h5
      class="MuiTypography-root makeStyles-title-4 MuiTypography-h5 MuiTypography-alignCenter"
    >
      No name
    </h5>
    <button
      class="MuiButtonBase-root MuiIconButton-root makeStyles-menuIcon-10"
      tabindex="0"
      type="button"
    >
      <span
        class="MuiIconButton-label"
      >
        <svg
          aria-hidden="true"
          class="MuiSvgIcon-root"
          focusable="false"
          role="presentation"
          style="color: white;"
          viewBox="0 0 24 24"
        >
          <path
            d="M3 18h18v-2H3v2zm0-5h18v-2H3v2zm0-7v2h18V6H3z"
          />
        </svg>
      </span>
      <span
        class="MuiTouchRipple-root"
      />
    </button>
    <div>
      <div
        class="MuiGrid-root makeStyles-gridContainer-12 MuiGrid-container MuiGrid-spacing-xs-3"
      >
        <div
          class="MuiGrid-root MuiGrid-item MuiGrid-grid-md-6 MuiGrid-grid-lg-4 MuiGrid-grid-xl-3"
        >
          <div
            class="MuiPaper-root makeStyles-paper-11 MuiPaper-elevation1 MuiPaper-rounded"
          >
            <h5
              class="makeStyles-h5-1"
              variant="h5"
            >
              General
            </h5>
            <div
              class="MuiFormControl-root MuiTextField-root makeStyles-textField-6"
            >
              <label
                class="MuiFormLabel-root MuiInputLabel-root MuiInputLabel-formControl MuiInputLabel-animated"
                data-shrink="false"
              >
                Warband name
              </label>
              <div
                class="MuiInputBase-root MuiInput-root MuiInput-underline MuiInputBase-formControl MuiInput-formControl"
              >
                <input
                  aria-invalid="false"
                  class="MuiInputBase-input MuiInput-input"
                  name="name"
                  type="text"
                  value=""
                />
              </div>
            </div>
            <div
              class="MuiFormControl-root MuiTextField-root makeStyles-textField-6"
            >
              <label
                class="MuiFormLabel-root MuiInputLabel-root MuiInputLabel-formControl MuiInputLabel-animated"
                data-shrink="false"
              >
                Warband type
              </label>
              <div
                class="MuiInputBase-root MuiInput-root MuiInput-underline MuiInputBase-formControl MuiInput-formControl"
              >
                <input
                  aria-invalid="false"
                  class="MuiInputBase-input MuiInput-input"
                  name="type"
                  type="text"
                  value=""
                />
              </div>
            </div>
            <div
              class="MuiFormControl-root MuiTextField-root makeStyles-textField-6"
            >
              <label
                class="MuiFormLabel-root MuiInputLabel-root MuiInputLabel-formControl MuiInputLabel-animated MuiInputLabel-shrink MuiFormLabel-filled"
                data-shrink="true"
              >
                Games played
              </label>
              <div
                class="MuiInputBase-root MuiInput-root MuiInput-underline MuiInputBase-formControl MuiInput-formControl"
              >
                <input
                  aria-invalid="false"
                  class="MuiInputBase-input MuiInput-input"
                  name="gamesPlayed"
                  type="number"
                  value="0"
                />
              </div>
            </div>
            <h5
              class="makeStyles-h5-1 makeStyles-textField-6"
              variant="h5"
            >
              Wealth
            </h5>
            <div
              class="makeStyles-textField-6"
            >
              <div
                class="MuiFormControl-root MuiTextField-root"
              >
                <label
                  class="MuiFormLabel-root MuiInputLabel-root MuiInputLabel-formControl MuiInputLabel-animated MuiInputLabel-shrink MuiFormLabel-filled"
                  data-shrink="true"
                >
                  Wyrdstone shards
                </label>
                <div
                  class="MuiInputBase-root MuiInput-root MuiInput-underline MuiInputBase-formControl MuiInput-formControl"
                >
                  <input
                    aria-invalid="false"
                    class="MuiInputBase-input MuiInput-input"
                    name="shards"
                    type="number"
                    value="0"
                  />
                </div>
              </div>
              <div
                class="MuiFormControl-root MuiTextField-root makeStyles-goldCrowns-14"
              >
                <label
                  class="MuiFormLabel-root MuiInputLabel-root MuiInputLabel-formControl MuiInputLabel-animated MuiInputLabel-shrink MuiFormLabel-filled"
                  data-shrink="true"
                >
                  Gold crowns
                </label>
                <div
                  class="MuiInputBase-root MuiInput-root MuiInput-underline MuiInputBase-formControl MuiInput-formControl"
                >
                  <input
                    aria-invalid="false"
                    class="MuiInputBase-input MuiInput-input"
                    name="goldCrowns"
                    type="number"
                    value="0"
                  />
                </div>
              </div>
            </div>
            <div
              class="MuiFormControl-root MuiTextField-root makeStyles-textField-6"
            >
              <label
                class="MuiFormLabel-root MuiInputLabel-root MuiInputLabel-formControl MuiInputLabel-animated"
                data-shrink="false"
              >
                Equipment
              </label>
              <div
                class="MuiInputBase-root MuiInput-root MuiInput-underline MuiInputBase-formControl MuiInput-formControl MuiInputBase-multiline MuiInput-multiline"
              >
                <textarea
                  aria-invalid="false"
                  class="MuiInputBase-input MuiInput-input MuiInputBase-inputMultiline MuiInput-inputMultiline"
                  name="equipment"
                  rows="1"
                  style="height: 0px; overflow: hidden;"
                />
                <textarea
                  aria-hidden="true"
                  class="MuiInputBase-input MuiInput-input MuiInputBase-inputMultiline MuiInput-inputMultiline"
                  readonly=""
                  style="visibility: hidden; position: absolute; overflow: hidden; height: 0px; top: 0px; left: 0px; transform: translateZ(0); width: 100%;"
                  tabindex="-1"
                />
              </div>
            </div>
          </div>
        </div>
        <div
          class="MuiGrid-root MuiGrid-item MuiGrid-grid-md-6 MuiGrid-grid-lg-4 MuiGrid-grid-xl-3"
        >
          <div
            class="MuiPaper-root makeStyles-paper-11 MuiPaper-elevation1 MuiPaper-rounded"
          >
            <h5
              class="makeStyles-h5-1"
            >
              Rating
            </h5>
            <p
              class="MuiTypography-root makeStyles-textField-6 MuiTypography-body1"
            >
              Total experience: 0
            </p>
            <p
              class="MuiTypography-root MuiTypography-body1"
            >
              Members (0) x 5: 0
            </p>
            <p
              class="MuiTypography-root MuiTypography-body1"
            >
              Rating: 0
            </p>
          </div>
        </div>
        <button
          class="MuiButtonBase-root MuiButton-root MuiButton-contained makeStyles-addHireButton-2 MuiButton-containedPrimary"
          tabindex="0"
          type="button"
        >
          <span
            class="MuiButton-label"
          >
            <span
              class="MuiButton-startIcon"
            >
              <svg
                aria-hidden="true"
                class="MuiSvgIcon-root"
                focusable="false"
                role="presentation"
                viewBox="0 0 24 24"
              >
                <path
                  d="M19 13h-6v6h-2v-6H5v-2h6V5h2v6h6v2z"
                />
              </svg>
            </span>
            Add hero
          </span>
          <span
            class="MuiTouchRipple-root"
          />
        </button>
        <button
          class="MuiButtonBase-root MuiButton-root MuiButton-contained makeStyles-addHireButton-2 MuiButton-containedPrimary"
          tabindex="0"
          type="button"
        >
          <span
            class="MuiButton-label"
          >
            <span
              class="MuiButton-startIcon"
            >
              <svg
                aria-hidden="true"
                class="MuiSvgIcon-root"
                focusable="false"
                role="presentation"
                viewBox="0 0 24 24"
              >
                <path
                  d="M19 13h-6v6h-2v-6H5v-2h6V5h2v6h6v2z"
                />
              </svg>
            </span>
            Add henchman
          </span>
          <span
            class="MuiTouchRipple-root"
          />
        </button>
      </div>
    </div>
  </div>
</DocumentFragment>
`;
